// Jest Snapshot v1, https://goo.gl/fbAQLP

exports[`renders correctly 1`] = `
<Text
  style={
    {
      "fontSize": 16,
      "lineHeight": 24,
    }
  }
>
  Snapshot test!
</Text>
`;
